This is pdfTeX, Version 3.141592653-2.6-1.40.28 (MiKTeX 25.12) (preloaded format=pdflatex 2026.6.8)  14 AUG 2026 14:42
entering extended mode
 restricted \write18 enabled.
 %&-line parsing enabled.
**./main.tex
(main.tex
LaTeX2e <2025-11-01>
L3 programming layer <2025-12-24>
(C:\Users\jerem\AppData\Local\Programs\MiKTeX\tex/latex/base\article.cls
Document Class: article 2025/01/22 v1.4n Standard LaTeX document class
(C:\Users\jerem\AppData\Local\Programs\MiKTeX\tex/latex/base\size11.clo
File: size11.clo 2025/01/22 v1.4n Standard LaTeX file (size option)
)
\c@part=\count275
\c@section=\count276
\c@subsection=\count277
\c@subsubsection=\count278
\c@paragraph=\count279
\c@subparagraph=\count280
\c@figure=\count281
\c@table=\count282
\abovecaptionskip=\skip49
\belowcaptionskip=\skip50
\bibindent=\dimen148
)
(C:\Users\jerem\AppData\Local\Programs\MiKTeX\tex/latex/base\inputenc.sty
Package: inputenc 2024/02/08 v1.3d Input encoding file
\inpenc@prehook=\toks17
\inpenc@posthook=\toks18
)
(C:\Users\jerem\AppData\Local\Programs\MiKTeX\tex/latex/base\fontenc.sty
Package: fontenc 2025/07/18 v2.1d Standard LaTeX package
)
(C:\Users\jerem\AppData\Local\Programs\MiKTeX\tex/latex/amsmath\amsmath.sty
Package: amsmath 2025/07/09 v2.17z AMS math features
\@mathmargin=\skip51

For additional information on amsmath, use the `?' option.
(C:\Users\jerem\AppData\Local\Programs\MiKTeX\tex/latex/amsmath\amstext.sty
Package: amstext 2024/11/17 v2.01 AMS text

(C:\Users\jerem\AppData\Local\Programs\MiKTeX\tex/latex/amsmath\amsgen.sty
File: amsgen.sty 1999/11/30 v2.0 generic functions
\@emptytoks=\toks19
\ex@=\dimen149
))
(C:\Users\jerem\AppData\Local\Programs\MiKTeX\tex/latex/amsmath\amsbsy.sty
Package: amsbsy 1999/11/29 v1.2d Bold Symbols
\pmbraise@=\dimen150
)
(C:\Users\jerem\AppData\Local\Programs\MiKTeX\tex/latex/amsmath\amsopn.sty
Package: amsopn 2022/04/08 v2.04 operator names
)
\inf@bad=\count283
LaTeX Info: Redefining \frac on input line 233.
\uproot@=\count284
\leftroot@=\count285
LaTeX Info: Redefining \overline on input line 398.
LaTeX Info: Redefining \colon on input line 409.
\classnum@=\count286
\DOTSCASE@=\count287
LaTeX Info: Redefining \ldots on input line 495.
LaTeX Info: Redefining \dots on input line 498.
LaTeX Info: Redefining \cdots on input line 619.
\Mathstrutbox@=\box53
\strutbox@=\box54
LaTeX Info: Redefining \big on input line 721.
LaTeX Info: Redefining \Big on input line 722.
LaTeX Info: Redefining \bigg on input line 723.
LaTeX Info: Redefining \Bigg on input line 724.
\big@size=\dimen151
LaTeX Font Info:    Redeclaring font encoding OML on input line 742.
LaTeX Font Info:    Redeclaring font encoding OMS on input line 743.
\macc@depth=\count288
LaTeX Info: Redefining \bmod on input line 904.
LaTeX Info: Redefining \pmod on input line 909.
LaTeX Info: Redefining \smash on input line 939.
LaTeX Info: Redefining \relbar on input line 969.
LaTeX Info: Redefining \Relbar on input line 970.
\c@MaxMatrixCols=\count289
\dotsspace@=\muskip17
\c@parentequation=\count290
\dspbrk@lvl=\count291
\tag@help=\toks20
\row@=\count292
\column@=\count293
\maxfields@=\count294
\andhelp@=\toks21
\eqnshift@=\dimen152
\alignsep@=\dimen153
\tagshift@=\dimen154
\tagwidth@=\dimen155
\totwidth@=\dimen156
\lineht@=\dimen157
\@envbody=\toks22
\multlinegap=\skip52
\multlinetaggap=\skip53
\mathdisplay@stack=\toks23
LaTeX Info: Redefining \[ on input line 2950.
LaTeX Info: Redefining \] on input line 2951.
)
(C:\Users\jerem\AppData\Local\Programs\MiKTeX\tex/latex/amscls\amsthm.sty
Package: amsthm 2020/05/29 v2.20.6
\thm@style=\toks24
\thm@bodyfont=\toks25
\thm@headfont=\toks26
\thm@notefont=\toks27
\thm@headpunct=\toks28
\thm@preskip=\skip54
\thm@postskip=\skip55
\thm@headsep=\skip56
\dth@everypar=\toks29
)
(C:\Users\jerem\AppData\Local\Programs\MiKTeX\tex/latex/amsfonts\amssymb.sty
Package: amssymb 2013/01/14 v3.01 AMS font symbols

(C:\Users\jerem\AppData\Local\Programs\MiKTeX\tex/latex/amsfonts\amsfonts.sty
Package: amsfonts 2013/01/14 v3.01 Basic AMSFonts support
\symAMSa=\mathgroup4
\symAMSb=\mathgroup5
LaTeX Font Info:    Redeclaring math symbol \hbar on input line 98.
LaTeX Font Info:    Overwriting math alphabet `\mathfrak' in version `bold'
(Font)                  U/euf/m/n --> U/euf/b/n on input line 106.
)) (C:\Users\jerem\AppData\Local\Programs\MiKTeX\tex/latex/graphics\graphicx.st
y
Package: graphicx 2024/12/31 v1.2e Enhanced LaTeX Graphics (DPC,SPQR)

(C:\Users\jerem\AppData\Local\Programs\MiKTeX\tex/latex/graphics\keyval.sty
Package: keyval 2022/05/29 v1.15 key=value parser (DPC)
\KV@toks@=\toks30
)
(C:\Users\jerem\AppData\Local\Programs\MiKTeX\tex/latex/graphics\graphics.sty
Package: graphics 2024/08/06 v1.4g Standard LaTeX Graphics (DPC,SPQR)

(C:\Users\jerem\AppData\Local\Programs\MiKTeX\tex/latex/graphics\trig.sty
Package: trig 2023/12/02 v1.11 sin cos tan (DPC)
)
(C:\Users\jerem\AppData\Local\Programs\MiKTeX\tex/latex/graphics-cfg\graphics.c
fg
File: graphics.cfg 2016/06/04 v1.11 sample graphics configuration
)
Package graphics Info: Driver file: pdftex.def on input line 106.

(C:\Users\jerem\AppData\Local\Programs\MiKTeX\tex/latex/graphics-def\pdftex.def
File: pdftex.def 2025/09/29 v1.2d Graphics/color driver for pdftex
))
\Gin@req@height=\dimen158
\Gin@req@width=\dimen159
)
(C:\Users\jerem\AppData\Local\Programs\MiKTeX\tex/latex/jknappen\mathrsfs.sty
Package: mathrsfs 1996/01/01 Math RSFS package v1.0 (jk)
\symrsfs=\mathgroup6
)
(C:\Users\jerem\AppData\Local\Programs\MiKTeX\tex/latex/natbib\natbib.sty
Package: natbib 2010/09/13 8.31b (PWD, AO)
\bibhang=\skip57
\bibsep=\skip58
LaTeX Info: Redefining \cite on input line 694.
\c@NAT@ctr=\count295
)
(C:\Users\jerem\AppData\Local\Programs\MiKTeX\tex/latex/xcolor\xcolor.sty
Package: xcolor 2024/09/29 v3.02 LaTeX color extensions (UK)

(C:\Users\jerem\AppData\Local\Programs\MiKTeX\tex/latex/graphics-cfg\color.cfg
File: color.cfg 2016/01/02 v1.6 sample color configuration
)
Package xcolor Info: Driver file: pdftex.def on input line 274.
(C:\Users\jerem\AppData\Local\Programs\MiKTeX\tex/latex/graphics\mathcolor.ltx)
Package xcolor Info: Model `cmy' substituted by `cmy0' on input line 1349.
Package xcolor Info: Model `hsb' substituted by `rgb' on input line 1353.
Package xcolor Info: Model `RGB' extended on input line 1365.
Package xcolor Info: Model `HTML' substituted by `rgb' on input line 1367.
Package xcolor Info: Model `Hsb' substituted by `hsb' on input line 1368.
Package xcolor Info: Model `tHsb' substituted by `hsb' on input line 1369.
Package xcolor Info: Model `HSB' substituted by `hsb' on input line 1370.
Package xcolor Info: Model `Gray' substituted by `gray' on input line 1371.
Package xcolor Info: Model `wave' substituted by `hsb' on input line 1372.
) (C:\Users\jerem\AppData\Local\Programs\MiKTeX\tex/latex/tools\tabularx.sty
Package: tabularx 2023/12/11 v2.12a `tabularx' package (DPC)

(C:\Users\jerem\AppData\Local\Programs\MiKTeX\tex/latex/tools\array.sty
Package: array 2025/09/25 v2.6n Tabular extension package (FMi)
\col@sep=\dimen160
\ar@mcellbox=\box55
\extrarowheight=\dimen161
\NC@list=\toks31
\extratabsurround=\skip59
\backup@length=\skip60
\ar@cellbox=\box56
)
\TX@col@width=\dimen162
\TX@old@table=\dimen163
\TX@old@col=\dimen164
\TX@target=\dimen165
\TX@delta=\dimen166
\TX@cols=\count296
\TX@ftn=\toks32
)
(C:\Users\jerem\AppData\Local\Programs\MiKTeX\tex/latex/geometry\geometry.sty
Package: geometry 2026/03/07 v6.0 Page Geometry

(C:\Users\jerem\AppData\Local\Programs\MiKTeX\tex/generic/iftex\ifvtex.sty
Package: ifvtex 2019/10/25 v1.7 ifvtex legacy package. Use iftex instead.

(C:\Users\jerem\AppData\Local\Programs\MiKTeX\tex/generic/iftex\iftex.sty
Package: iftex 2024/12/12 v1.0g TeX engine tests
))
\Gm@cnth=\count297
\Gm@cntv=\count298
\c@Gm@tempcnt=\count299
\Gm@bindingoffset=\dimen167
\Gm@wd@mp=\dimen168
\Gm@odd@mp=\dimen169
\Gm@even@mp=\dimen170
\Gm@layoutwidth=\dimen171
\Gm@layoutheight=\dimen172
\Gm@layouthoffset=\dimen173
\Gm@layoutvoffset=\dimen174
\Gm@dimlist=\toks33

(C:\Users\jerem\AppData\Local\Programs\MiKTeX\tex/latex/geometry\geometry.cfg))
(C:\Users\jerem\AppData\Local\Programs\MiKTeX\tex/latex/psnfss\mathpazo.sty
Package: mathpazo 2020/03/25 PSNFSS-v9.3 Palatino w/ Pazo Math (D.Puga, WaS) 
\symupright=\mathgroup7
)
(C:\Users\jerem\AppData\Local\Programs\MiKTeX\tex/latex/psnfss\palatino.sty
Package: palatino 2020/03/25 PSNFSS-v9.3 (SPQR) 
)
(C:\Users\jerem\AppData\Local\Programs\MiKTeX\tex/latex/preprint\fullpage.sty
Package: fullpage 1999/02/23 1.1 (PWD)
\FP@margin=\skip61
)
(C:\Users\jerem\AppData\Local\Programs\MiKTeX\tex/latex/pgf/frontendlayer\tikz.
sty
(C:\Users\jerem\AppData\Local\Programs\MiKTeX\tex/latex/pgf/basiclayer\pgf.sty
(C:\Users\jerem\AppData\Local\Programs\MiKTeX\tex/latex/pgf/utilities\pgfrcs.st
y
(C:\Users\jerem\AppData\Local\Programs\MiKTeX\tex/generic/pgf/utilities\pgfutil
-common.tex
\pgfutil@everybye=\toks34
\pgfutil@tempdima=\dimen175
\pgfutil@tempdimb=\dimen176
)
(C:\Users\jerem\AppData\Local\Programs\MiKTeX\tex/generic/pgf/utilities\pgfutil
-latex.def
\pgfutil@abb=\box57
)
(C:\Users\jerem\AppData\Local\Programs\MiKTeX\tex/generic/pgf/utilities\pgfrcs.
code.tex
(C:\Users\jerem\AppData\Local\Programs\MiKTeX\tex/generic/pgf\pgf.revision.tex)
Package: pgfrcs 2025-08-29 v3.1.11a (3.1.11a)
))
Package: pgf 2025-08-29 v3.1.11a (3.1.11a)

(C:\Users\jerem\AppData\Local\Programs\MiKTeX\tex/latex/pgf/basiclayer\pgfcore.
sty
(C:\Users\jerem\AppData\Local\Programs\MiKTeX\tex/latex/pgf/systemlayer\pgfsys.
sty
(C:\Users\jerem\AppData\Local\Programs\MiKTeX\tex/generic/pgf/systemlayer\pgfsy
s.code.tex
Package: pgfsys 2025-08-29 v3.1.11a (3.1.11a)

(C:\Users\jerem\AppData\Local\Programs\MiKTeX\tex/generic/pgf/utilities\pgfkeys
.code.tex
\pgfkeys@pathtoks=\toks35
\pgfkeys@temptoks=\toks36

(C:\Users\jerem\AppData\Local\Programs\MiKTeX\tex/generic/pgf/utilities\pgfkeys
libraryfiltered.code.tex
\pgfkeys@tmptoks=\toks37
))
\pgf@x=\dimen177
\pgf@y=\dimen178
\pgf@xa=\dimen179
\pgf@ya=\dimen180
\pgf@xb=\dimen181
\pgf@yb=\dimen182
\pgf@xc=\dimen183
\pgf@yc=\dimen184
\pgf@xd=\dimen185
\pgf@yd=\dimen186
\w@pgf@writea=\write3
\r@pgf@reada=\read2
\c@pgf@counta=\count300
\c@pgf@countb=\count301
\c@pgf@countc=\count302
\c@pgf@countd=\count303
\t@pgf@toka=\toks38
\t@pgf@tokb=\toks39
\t@pgf@tokc=\toks40
\pgf@sys@id@count=\count304

(C:\Users\jerem\AppData\Local\Programs\MiKTeX\tex/generic/pgf/systemlayer\pgf.c
fg
File: pgf.cfg 2025-08-29 v3.1.11a (3.1.11a)
)
Driver file for pgf: pgfsys-pdftex.def

(C:\Users\jerem\AppData\Local\Programs\MiKTeX\tex/generic/pgf/systemlayer\pgfsy
s-pdftex.def
File: pgfsys-pdftex.def 2025-08-29 v3.1.11a (3.1.11a)

(C:\Users\jerem\AppData\Local\Programs\MiKTeX\tex/generic/pgf/systemlayer\pgfsy
s-common-pdf.def
File: pgfsys-common-pdf.def 2025-08-29 v3.1.11a (3.1.11a)
)))
(C:\Users\jerem\AppData\Local\Programs\MiKTeX\tex/generic/pgf/systemlayer\pgfsy
ssoftpath.code.tex
File: pgfsyssoftpath.code.tex 2025-08-29 v3.1.11a (3.1.11a)
\pgfsyssoftpath@smallbuffer@items=\count305
\pgfsyssoftpath@bigbuffer@items=\count306
)
(C:\Users\jerem\AppData\Local\Programs\MiKTeX\tex/generic/pgf/systemlayer\pgfsy
sprotocol.code.tex
File: pgfsysprotocol.code.tex 2025-08-29 v3.1.11a (3.1.11a)
))
(C:\Users\jerem\AppData\Local\Programs\MiKTeX\tex/generic/pgf/basiclayer\pgfcor
e.code.tex
Package: pgfcore 2025-08-29 v3.1.11a (3.1.11a)

(C:\Users\jerem\AppData\Local\Programs\MiKTeX\tex/generic/pgf/math\pgfmath.code
.tex
(C:\Users\jerem\AppData\Local\Programs\MiKTeX\tex/generic/pgf/math\pgfmathutil.
code.tex)
(C:\Users\jerem\AppData\Local\Programs\MiKTeX\tex/generic/pgf/math\pgfmathparse
r.code.tex
\pgfmath@dimen=\dimen187
\pgfmath@count=\count307
\pgfmath@box=\box58
\pgfmath@toks=\toks41
\pgfmath@stack@operand=\toks42
\pgfmath@stack@operation=\toks43
)
(C:\Users\jerem\AppData\Local\Programs\MiKTeX\tex/generic/pgf/math\pgfmathfunct
ions.code.tex)
(C:\Users\jerem\AppData\Local\Programs\MiKTeX\tex/generic/pgf/math\pgfmathfunct
ions.basic.code.tex)
(C:\Users\jerem\AppData\Local\Programs\MiKTeX\tex/generic/pgf/math\pgfmathfunct
ions.trigonometric.code.tex)
(C:\Users\jerem\AppData\Local\Programs\MiKTeX\tex/generic/pgf/math\pgfmathfunct
ions.random.code.tex)
(C:\Users\jerem\AppData\Local\Programs\MiKTeX\tex/generic/pgf/math\pgfmathfunct
ions.comparison.code.tex)
(C:\Users\jerem\AppData\Local\Programs\MiKTeX\tex/generic/pgf/math\pgfmathfunct
ions.base.code.tex)
(C:\Users\jerem\AppData\Local\Programs\MiKTeX\tex/generic/pgf/math\pgfmathfunct
ions.round.code.tex)
(C:\Users\jerem\AppData\Local\Programs\MiKTeX\tex/generic/pgf/math\pgfmathfunct
ions.misc.code.tex)
(C:\Users\jerem\AppData\Local\Programs\MiKTeX\tex/generic/pgf/math\pgfmathfunct
ions.integerarithmetics.code.tex)
(C:\Users\jerem\AppData\Local\Programs\MiKTeX\tex/generic/pgf/math\pgfmathcalc.
code.tex)
(C:\Users\jerem\AppData\Local\Programs\MiKTeX\tex/generic/pgf/math\pgfmathfloat
.code.tex
\c@pgfmathroundto@lastzeros=\count308
))
(C:\Users\jerem\AppData\Local\Programs\MiKTeX\tex/generic/pgf/math\pgfint.code.
tex)
(C:\Users\jerem\AppData\Local\Programs\MiKTeX\tex/generic/pgf/basiclayer\pgfcor
epoints.code.tex
File: pgfcorepoints.code.tex 2025-08-29 v3.1.11a (3.1.11a)
\pgf@picminx=\dimen188
\pgf@picmaxx=\dimen189
\pgf@picminy=\dimen190
\pgf@picmaxy=\dimen191
\pgf@pathminx=\dimen192
\pgf@pathmaxx=\dimen193
\pgf@pathminy=\dimen194
\pgf@pathmaxy=\dimen195
\pgf@xx=\dimen196
\pgf@xy=\dimen197
\pgf@yx=\dimen198
\pgf@yy=\dimen199
\pgf@zx=\dimen256
\pgf@zy=\dimen257
)
(C:\Users\jerem\AppData\Local\Programs\MiKTeX\tex/generic/pgf/basiclayer\pgfcor
epathconstruct.code.tex
File: pgfcorepathconstruct.code.tex 2025-08-29 v3.1.11a (3.1.11a)
\pgf@path@lastx=\dimen258
\pgf@path@lasty=\dimen259
)
(C:\Users\jerem\AppData\Local\Programs\MiKTeX\tex/generic/pgf/basiclayer\pgfcor
epathusage.code.tex
File: pgfcorepathusage.code.tex 2025-08-29 v3.1.11a (3.1.11a)
\pgf@shorten@end@additional=\dimen260
\pgf@shorten@start@additional=\dimen261
)
(C:\Users\jerem\AppData\Local\Programs\MiKTeX\tex/generic/pgf/basiclayer\pgfcor
escopes.code.tex
File: pgfcorescopes.code.tex 2025-08-29 v3.1.11a (3.1.11a)
\pgfpic=\box59
\pgf@hbox=\box60
\pgf@layerbox@main=\box61
\pgf@picture@serial@count=\count309
)
(C:\Users\jerem\AppData\Local\Programs\MiKTeX\tex/generic/pgf/basiclayer\pgfcor
egraphicstate.code.tex
File: pgfcoregraphicstate.code.tex 2025-08-29 v3.1.11a (3.1.11a)
\pgflinewidth=\dimen262
)
(C:\Users\jerem\AppData\Local\Programs\MiKTeX\tex/generic/pgf/basiclayer\pgfcor
etransformations.code.tex
File: pgfcoretransformations.code.tex 2025-08-29 v3.1.11a (3.1.11a)
\pgf@pt@x=\dimen263
\pgf@pt@y=\dimen264
\pgf@pt@temp=\dimen265
)
(C:\Users\jerem\AppData\Local\Programs\MiKTeX\tex/generic/pgf/basiclayer\pgfcor
equick.code.tex
File: pgfcorequick.code.tex 2025-08-29 v3.1.11a (3.1.11a)
)
(C:\Users\jerem\AppData\Local\Programs\MiKTeX\tex/generic/pgf/basiclayer\pgfcor
eobjects.code.tex
File: pgfcoreobjects.code.tex 2025-08-29 v3.1.11a (3.1.11a)
)
(C:\Users\jerem\AppData\Local\Programs\MiKTeX\tex/generic/pgf/basiclayer\pgfcor
epathprocessing.code.tex
File: pgfcorepathprocessing.code.tex 2025-08-29 v3.1.11a (3.1.11a)
)
(C:\Users\jerem\AppData\Local\Programs\MiKTeX\tex/generic/pgf/basiclayer\pgfcor
earrows.code.tex
File: pgfcorearrows.code.tex 2025-08-29 v3.1.11a (3.1.11a)
\pgfarrowsep=\dimen266
)
(C:\Users\jerem\AppData\Local\Programs\MiKTeX\tex/generic/pgf/basiclayer\pgfcor
eshade.code.tex
File: pgfcoreshade.code.tex 2025-08-29 v3.1.11a (3.1.11a)
\pgf@max=\dimen267
\pgf@sys@shading@range@num=\count310
\pgf@shadingcount=\count311
)
(C:\Users\jerem\AppData\Local\Programs\MiKTeX\tex/generic/pgf/basiclayer\pgfcor
eimage.code.tex
File: pgfcoreimage.code.tex 2025-08-29 v3.1.11a (3.1.11a)
)
(C:\Users\jerem\AppData\Local\Programs\MiKTeX\tex/generic/pgf/basiclayer\pgfcor
eexternal.code.tex
File: pgfcoreexternal.code.tex 2025-08-29 v3.1.11a (3.1.11a)
\pgfexternal@startupbox=\box62
)
(C:\Users\jerem\AppData\Local\Programs\MiKTeX\tex/generic/pgf/basiclayer\pgfcor
elayers.code.tex
File: pgfcorelayers.code.tex 2025-08-29 v3.1.11a (3.1.11a)
)
(C:\Users\jerem\AppData\Local\Programs\MiKTeX\tex/generic/pgf/basiclayer\pgfcor
etransparency.code.tex
File: pgfcoretransparency.code.tex 2025-08-29 v3.1.11a (3.1.11a)
)
(C:\Users\jerem\AppData\Local\Programs\MiKTeX\tex/generic/pgf/basiclayer\pgfcor
epatterns.code.tex
File: pgfcorepatterns.code.tex 2025-08-29 v3.1.11a (3.1.11a)
)
(C:\Users\jerem\AppData\Local\Programs\MiKTeX\tex/generic/pgf/basiclayer\pgfcor
erdf.code.tex
File: pgfcorerdf.code.tex 2025-08-29 v3.1.11a (3.1.11a)
)))
(C:\Users\jerem\AppData\Local\Programs\MiKTeX\tex/generic/pgf/modules\pgfmodule
shapes.code.tex
File: pgfmoduleshapes.code.tex 2025-08-29 v3.1.11a (3.1.11a)
\pgfnodeparttextbox=\box63
)
(C:\Users\jerem\AppData\Local\Programs\MiKTeX\tex/generic/pgf/modules\pgfmodule
plot.code.tex
File: pgfmoduleplot.code.tex 2025-08-29 v3.1.11a (3.1.11a)
)
(C:\Users\jerem\AppData\Local\Programs\MiKTeX\tex/latex/pgf/compatibility\pgfco
mp-version-0-65.sty
Package: pgfcomp-version-0-65 2025-08-29 v3.1.11a (3.1.11a)
\pgf@nodesepstart=\dimen268
\pgf@nodesepend=\dimen269
)
(C:\Users\jerem\AppData\Local\Programs\MiKTeX\tex/latex/pgf/compatibility\pgfco
mp-version-1-18.sty
Package: pgfcomp-version-1-18 2025-08-29 v3.1.11a (3.1.11a)
))
(C:\Users\jerem\AppData\Local\Programs\MiKTeX\tex/latex/pgf/utilities\pgffor.st
y
(C:\Users\jerem\AppData\Local\Programs\MiKTeX\tex/latex/pgf/utilities\pgfkeys.s
ty
(C:\Users\jerem\AppData\Local\Programs\MiKTeX\tex/generic/pgf/utilities\pgfkeys
.code.tex))
(C:\Users\jerem\AppData\Local\Programs\MiKTeX\tex/latex/pgf/math\pgfmath.sty
(C:\Users\jerem\AppData\Local\Programs\MiKTeX\tex/generic/pgf/math\pgfmath.code
.tex))
(C:\Users\jerem\AppData\Local\Programs\MiKTeX\tex/generic/pgf/utilities\pgffor.
code.tex
Package: pgffor 2025-08-29 v3.1.11a (3.1.11a)
\pgffor@iter=\dimen270
\pgffor@skip=\dimen271
\pgffor@stack=\toks44
\pgffor@toks=\toks45
))
(C:\Users\jerem\AppData\Local\Programs\MiKTeX\tex/generic/pgf/frontendlayer/tik
z\tikz.code.tex
Package: tikz 2025-08-29 v3.1.11a (3.1.11a)

(C:\Users\jerem\AppData\Local\Programs\MiKTeX\tex/generic/pgf/libraries\pgflibr
aryplothandlers.code.tex
File: pgflibraryplothandlers.code.tex 2025-08-29 v3.1.11a (3.1.11a)
\pgf@plot@mark@count=\count312
\pgfplotmarksize=\dimen272
)
\tikz@lastx=\dimen273
\tikz@lasty=\dimen274
\tikz@lastxsaved=\dimen275
\tikz@lastysaved=\dimen276
\tikz@lastmovetox=\dimen277
\tikz@lastmovetoy=\dimen278
\tikzleveldistance=\dimen279
\tikzsiblingdistance=\dimen280
\tikz@figbox=\box64
\tikz@figbox@bg=\box65
\tikz@tempbox=\box66
\tikz@tempbox@bg=\box67
\tikztreelevel=\count313
\tikznumberofchildren=\count314
\tikznumberofcurrentchild=\count315
\tikz@fig@count=\count316

(C:\Users\jerem\AppData\Local\Programs\MiKTeX\tex/generic/pgf/modules\pgfmodule
matrix.code.tex
File: pgfmodulematrix.code.tex 2025-08-29 v3.1.11a (3.1.11a)
\pgfmatrixcurrentrow=\count317
\pgfmatrixcurrentcolumn=\count318
\pgf@matrix@numberofcolumns=\count319
)
\tikz@expandcount=\count320

(C:\Users\jerem\AppData\Local\Programs\MiKTeX\tex/generic/pgf/frontendlayer/tik
z/libraries\tikzlibrarytopaths.code.tex
File: tikzlibrarytopaths.code.tex 2025-08-29 v3.1.11a (3.1.11a)
)))
(C:\Users\jerem\AppData\Local\Programs\MiKTeX\tex/latex/tools\afterpage.sty
Package: afterpage 2023/07/04 v1.08 After-Page Package (DPC)
\AP@output=\toks46
\AP@partial=\box68
\AP@footins=\box69
)
(C:\Users\jerem\AppData\Local\Programs\MiKTeX\tex/latex/pdflscape\pdflscape.sty
Package: pdflscape 2022-10-27 v0.13 Display of landscape pages in PDF

(C:\Users\jerem\AppData\Local\Programs\MiKTeX\tex/latex/pdflscape\pdflscape-nom
etadata.sty
Package: pdflscape-nometadata 2022-10-28 v0.13 Display of landscape pages in PD
F (HO)

(C:\Users\jerem\AppData\Local\Programs\MiKTeX\tex/latex/graphics\lscape.sty
Package: lscape 2020/05/28 v3.02 Landscape Pages (DPC)
)
Package pdflscape Info: Auto-detected driver: pdftex on input line 81.
))
(C:\Users\jerem\AppData\Local\Programs\MiKTeX\tex/latex/caption\caption.sty
Package: caption 2023/08/05 v3.6o Customizing captions (AR)

(C:\Users\jerem\AppData\Local\Programs\MiKTeX\tex/latex/caption\caption3.sty
Package: caption3 2023/07/31 v2.4d caption3 kernel (AR)
\caption@tempdima=\dimen281
\captionmargin=\dimen282
\caption@leftmargin=\dimen283
\caption@rightmargin=\dimen284
\caption@width=\dimen285
\caption@indent=\dimen286
\caption@parindent=\dimen287
\caption@hangindent=\dimen288
Package caption Info: Standard document class detected.
)
\c@caption@flags=\count321
\c@continuedfloat=\count322
)
(C:\Users\jerem\AppData\Local\Programs\MiKTeX\tex/latex/comment\comment.sty
\CommentStream=\write4

Excluding comment 'comment')
(C:\Users\jerem\AppData\Local\Programs\MiKTeX\tex/latex/ragged2e\ragged2e.sty
Package: ragged2e 2023/06/22 v3.6 ragged2e Package
\CenteringLeftskip=\skip62
\RaggedLeftLeftskip=\skip63
\RaggedRightLeftskip=\skip64
\CenteringRightskip=\skip65
\RaggedLeftRightskip=\skip66
\RaggedRightRightskip=\skip67
\CenteringParfillskip=\skip68
\RaggedLeftParfillskip=\skip69
\RaggedRightParfillskip=\skip70
\JustifyingParfillskip=\skip71
\CenteringParindent=\skip72
\RaggedLeftParindent=\skip73
\RaggedRightParindent=\skip74
\JustifyingParindent=\skip75
)
(C:\Users\jerem\AppData\Local\Programs\MiKTeX\tex/latex/blindtext\blindtext.sty
Package: blindtext 2012/01/06 V2.0 blindtext-Package
(C:\Users\jerem\AppData\Local\Programs\MiKTeX\tex/latex/tools\xspace.sty
Package: xspace 2014/10/28 v1.13 Space after command names (DPC,MH)
)
\c@blindtext=\count323
\c@Blindtext=\count324
\c@blind@countparstart=\count325
\blind@countxx=\count326
\blindtext@numBlindtext=\count327
\blind@countyy=\count328
\c@blindlist=\count329
\c@blindlistlevel=\count330
\c@blindlist@level=\count331
\blind@listitem=\count332
\c@blind@listcount=\count333
\c@blind@levelcount=\count334
\blind@mathformula=\count335
\blind@Mathformula=\count336
\c@blind@randomcount=\count337
\c@blind@randommax=\count338
\c@blind@pangramcount=\count339
\c@blind@pangrammax=\count340
)
(C:\Users\jerem\AppData\Local\Programs\MiKTeX\tex/latex/booktabs\booktabs.sty
Package: booktabs 2020/01/12 v1.61803398 Publication quality tables
\heavyrulewidth=\dimen289
\lightrulewidth=\dimen290
\cmidrulewidth=\dimen291
\belowrulesep=\dimen292
\belowbottomsep=\dimen293
\aboverulesep=\dimen294
\abovetopsep=\dimen295
\cmidrulesep=\dimen296
\cmidrulekern=\dimen297
\defaultaddspace=\dimen298
\@cmidla=\count341
\@cmidlb=\count342
\@aboverulesep=\dimen299
\@belowrulesep=\dimen300
\@thisruleclass=\count343
\@lastruleclass=\count344
\@thisrulewidth=\dimen301
)
(C:\Users\jerem\AppData\Local\Programs\MiKTeX\tex/latex/tools\longtable.sty
Package: longtable 2025-10-13 v4.24 Multi-page Table package (DPC)
\LTleft=\skip76
\LTright=\skip77
\LTpre=\skip78
\LTpost=\skip79
\LTchunksize=\count345
\LTcapwidth=\dimen302
\LT@head=\box70
\LT@firsthead=\box71
\LT@foot=\box72
\LT@lastfoot=\box73
\LT@gbox=\box74
\LT@cols=\count346
\LT@rows=\count347
\c@LT@tables=\count348
\c@LT@chunks=\count349
\LT@p@ftn=\toks47
)
(C:\Users\jerem\AppData\Local\Programs\MiKTeX\tex/latex/eurosym\eurosym.sty
Package: eurosym 1998/08/06 v1.1 European currency symbol ``Euro''
\@eurobox=\box75
)
(C:\Users\jerem\AppData\Local\Programs\MiKTeX\tex/latex/multirow\multirow.sty
Package: multirow 2024/11/12 v2.9 Span multiple rows of a table
\multirow@colwidth=\skip80
\multirow@cntb=\count350
\multirow@dima=\skip81
\bigstrutjot=\dimen303
)
(C:\Users\jerem\AppData\Local\Programs\MiKTeX\tex/latex/hyperref\hyperref.sty
Package: hyperref 2025-07-12 v7.01o Hypertext links for LaTeX

(C:\Users\jerem\AppData\Local\Programs\MiKTeX\tex/latex/kvsetkeys\kvsetkeys.sty
Package: kvsetkeys 2022-10-05 v1.19 Key value parser (HO)
)
(C:\Users\jerem\AppData\Local\Programs\MiKTeX\tex/generic/kvdefinekeys\kvdefine
keys.sty
Package: kvdefinekeys 2019-12-19 v1.6 Define keys (HO)
)
(C:\Users\jerem\AppData\Local\Programs\MiKTeX\tex/generic/pdfescape\pdfescape.s
ty
Package: pdfescape 2019/12/09 v1.15 Implements pdfTeX's escape features (HO)

(C:\Users\jerem\AppData\Local\Programs\MiKTeX\tex/generic/ltxcmds\ltxcmds.sty
Package: ltxcmds 2023-12-04 v1.26 LaTeX kernel commands for general use (HO)
)
(C:\Users\jerem\AppData\Local\Programs\MiKTeX\tex/generic/pdftexcmds\pdftexcmds
.sty
Package: pdftexcmds 2020-06-27 v0.33 Utility functions of pdfTeX for LuaTeX (HO
)

(C:\Users\jerem\AppData\Local\Programs\MiKTeX\tex/generic/infwarerr\infwarerr.s
ty
Package: infwarerr 2019/12/03 v1.5 Providing info/warning/error messages (HO)
)
Package pdftexcmds Info: \pdf@primitive is available.
Package pdftexcmds Info: \pdf@ifprimitive is available.
Package pdftexcmds Info: \pdfdraftmode found.
))
(C:\Users\jerem\AppData\Local\Programs\MiKTeX\tex/latex/hycolor\hycolor.sty
Package: hycolor 2020-01-27 v1.10 Color options for hyperref/bookmark (HO)
)
(C:\Users\jerem\AppData\Local\Programs\MiKTeX\tex/latex/hyperref\nameref.sty
Package: nameref 2025-06-21 v2.57 Cross-referencing by name of section

(C:\Users\jerem\AppData\Local\Programs\MiKTeX\tex/latex/refcount\refcount.sty
Package: refcount 2019/12/15 v3.6 Data extraction from label references (HO)
)
(C:\Users\jerem\AppData\Local\Programs\MiKTeX\tex/generic/gettitlestring\gettit
lestring.sty
Package: gettitlestring 2019/12/15 v1.6 Cleanup title references (HO)

(C:\Users\jerem\AppData\Local\Programs\MiKTeX\tex/latex/kvoptions\kvoptions.sty
Package: kvoptions 2022-06-15 v3.15 Key value format for package options (HO)
))
\c@section@level=\count351
)
(C:\Users\jerem\AppData\Local\Programs\MiKTeX\tex/latex/etoolbox\etoolbox.sty
Package: etoolbox 2025/10/02 v2.5m e-TeX tools for LaTeX (JAW)
\etb@tempcnta=\count352
)
(C:\Users\jerem\AppData\Local\Programs\MiKTeX\tex/generic/stringenc\stringenc.s
ty
Package: stringenc 2019/11/29 v1.12 Convert strings between diff. encodings (HO
)
)
\@linkdim=\dimen304
\Hy@linkcounter=\count353
\Hy@pagecounter=\count354
 (C:\Users\jerem\AppData\Local\Programs\MiKTeX\tex/latex/hyperref\pd1enc.def
File: pd1enc.def 2025-07-12 v7.01o Hyperref: PDFDocEncoding definition (HO)
Now handling font encoding PD1 ...
... no UTF-8 mapping file for font encoding PD1
) (C:\Users\jerem\AppData\Local\Programs\MiKTeX\tex/generic/intcalc\intcalc.sty
Package: intcalc 2019/12/15 v1.3 Expandable calculations with integers (HO)
)
\Hy@SavedSpaceFactor=\count355
 (C:\Users\jerem\AppData\Local\Programs\MiKTeX\tex/latex/hyperref\puenc.def
File: puenc.def 2025-07-12 v7.01o Hyperref: PDF Unicode definition (HO)
Now handling font encoding PU ...
... no UTF-8 mapping file for font encoding PU
)
Package hyperref Info: Option `colorlinks' set `true' on input line 4066.


Package hyperref Warning: Invalid value `false'
(hyperref)                for option `pdfborder'.
(hyperref)                Option setting is ignored on input line 4066.

Package hyperref Info: Hyper figures OFF on input line 4195.
Package hyperref Info: Link nesting OFF on input line 4200.
Package hyperref Info: Hyper index ON on input line 4203.
Package hyperref Info: Plain pages OFF on input line 4210.
Package hyperref Info: Backreferencing OFF on input line 4215.
Package hyperref Info: Implicit mode ON; LaTeX internals redefined.
Package hyperref Info: Bookmarks ON on input line 4462.
\c@Hy@tempcnt=\count356
(C:\Users\jerem\AppData\Local\Programs\MiKTeX\tex/latex/url\url.sty
\Urlmuskip=\muskip18
Package: url 2013/09/16  ver 3.4  Verb mode for urls, etc.
)
LaTeX Info: Redefining \url on input line 4801.
\XeTeXLinkMargin=\dimen305

(C:\Users\jerem\AppData\Local\Programs\MiKTeX\tex/generic/bitset\bitset.sty
Package: bitset 2019/12/09 v1.3 Handle bit-vector datatype (HO)

(C:\Users\jerem\AppData\Local\Programs\MiKTeX\tex/generic/bigintcalc\bigintcalc
.sty
Package: bigintcalc 2019/12/15 v1.5 Expandable calculations on big integers (HO
)
))
\Fld@menulength=\count357
\Field@Width=\dimen306
\Fld@charsize=\dimen307
Package hyperref Info: Hyper figures OFF on input line 6078.
Package hyperref Info: Link nesting OFF on input line 6083.
Package hyperref Info: Hyper index ON on input line 6086.
Package hyperref Info: backreferencing OFF on input line 6093.
Package hyperref Info: Link coloring ON on input line 6096.
Package hyperref Info: Link coloring with OCG OFF on input line 6103.
Package hyperref Info: PDF/A mode OFF on input line 6108.
\Hy@abspage=\count358
\c@Item=\count359
\c@Hfootnote=\count360
)
Package hyperref Info: Driver (autodetected): hpdftex.

(C:\Users\jerem\AppData\Local\Programs\MiKTeX\tex/latex/hyperref\hpdftex.def
File: hpdftex.def 2025-07-12 v7.01o Hyperref driver for pdfTeX
\Fld@listcount=\count361
\c@bookmark@seq@number=\count362

(C:\Users\jerem\AppData\Local\Programs\MiKTeX\tex/latex/rerunfilecheck\rerunfil
echeck.sty
Package: rerunfilecheck 2025-06-21 v1.11 Rerun checks for auxiliary files (HO)

(C:\Users\jerem\AppData\Local\Programs\MiKTeX\tex/generic/uniquecounter\uniquec
ounter.sty
Package: uniquecounter 2019/12/15 v1.4 Provide unlimited unique counter (HO)
)
Package uniquecounter Info: New unique counter `rerunfilecheck' on input line 2
84.
)
\Hy@SectionHShift=\skip82
)
(C:\Users\jerem\AppData\Local\Programs\MiKTeX\tex/latex/caption\subcaption.sty
Package: subcaption 2023/07/28 v1.6b Sub-captions (AR)
Package caption Info: New subtype `subfigure' on input line 238.
\c@subfigure=\count363
Package caption Info: New subtype `subtable' on input line 238.
\c@subtable=\count364
) (C:\Users\jerem\AppData\Local\Programs\MiKTeX\tex/latex/float\float.sty
Package: float 2001/11/08 v1.3d Float enhancements (AL)
\c@float@type=\count365
\float@exts=\toks48
\float@box=\box76
\@float@everytoks=\toks49
\@floatcapt=\box77
)
(C:\Users\jerem\AppData\Local\Programs\MiKTeX\tex/latex/placeins\placeins.sty
Package: placeins 2005/04/18  v 2.2
)
(C:\Users\jerem\AppData\Local\Programs\MiKTeX\tex/latex/chngcntr\chngcntr.sty
Package: chngcntr 2018/04/09 v1.1a change counter resetting
Package chngcntr Info: \counterwithout already defined.
(chngcntr)             Quitting chngcntr on input line 21.
)
\c@proposition=\count366
\c@lemma=\count367
\c@question=\count368
LaTeX Font Info:    Trying to load font information for T1+ppl on input line 10
4.

(C:\Users\jerem\AppData\Local\Programs\MiKTeX\tex/latex/psnfss\t1ppl.fd
File: t1ppl.fd 2001/06/04 font definitions for T1/ppl.
)
(C:\Users\jerem\AppData\Local\Programs\MiKTeX\tex/latex/l3backend\l3backend-pdf
tex.def
File: l3backend-pdftex.def 2025-10-09 L3 backend support: PDF output (pdfTeX)
\l__color_backend_stack_int=\count369
) (main.aux)
\openout1 = `main.aux'.

LaTeX Font Info:    Checking defaults for OML/cmm/m/it on input line 104.
LaTeX Font Info:    ... okay on input line 104.
LaTeX Font Info:    Checking defaults for OMS/cmsy/m/n on input line 104.
LaTeX Font Info:    ... okay on input line 104.
LaTeX Font Info:    Checking defaults for OT1/cmr/m/n on input line 104.
LaTeX Font Info:    ... okay on input line 104.
LaTeX Font Info:    Checking defaults for T1/cmr/m/n on input line 104.
LaTeX Font Info:    ... okay on input line 104.
LaTeX Font Info:    Checking defaults for TS1/cmr/m/n on input line 104.
LaTeX Font Info:    ... okay on input line 104.
LaTeX Font Info:    Checking defaults for OMX/cmex/m/n on input line 104.
LaTeX Font Info:    ... okay on input line 104.
LaTeX Font Info:    Checking defaults for U/cmr/m/n on input line 104.
LaTeX Font Info:    ... okay on input line 104.
LaTeX Font Info:    Checking defaults for PD1/pdf/m/n on input line 104.
LaTeX Font Info:    ... okay on input line 104.
LaTeX Font Info:    Checking defaults for PU/pdf/m/n on input line 104.
LaTeX Font Info:    ... okay on input line 104.

(C:\Users\jerem\AppData\Local\Programs\MiKTeX\tex/context/base/mkii\supp-pdf.mk
ii
[Loading MPS to PDF converter (version 2006.09.02).]
\scratchcounter=\count370
\scratchdimen=\dimen308
\scratchbox=\box78
\nofMPsegments=\count371
\nofMParguments=\count372
\everyMPshowfont=\toks50
\MPscratchCnt=\count373
\MPscratchDim=\dimen309
\MPnumerator=\count374
\makeMPintoPDFobject=\count375
\everyMPtoPDFconversion=\toks51
)
(C:\Users\jerem\AppData\Local\Programs\MiKTeX\tex/latex/epstopdf-pkg\epstopdf-b
ase.sty
Package: epstopdf-base 2020-01-24 v2.11 Base part for package epstopdf
Package epstopdf-base Info: Redefining graphics rule for `.eps' on input line 4
85.

(C:\Users\jerem\AppData\Local\Programs\MiKTeX\tex/latex/00miktex\epstopdf-sys.c
fg
File: epstopdf-sys.cfg 2021/03/18 v2.0 Configuration of epstopdf for MiKTeX
))
*geometry* driver: auto-detecting
*geometry* detected driver: pdftex
*geometry* verbose mode - [ preamble ] result:
* driver: pdftex
* paper: <default>
* layout: <same size as paper>
* layoutoffset:(h,v)=(0.0pt,0.0pt)
* modes: 
* h-part:(L,W,R)=(72.26999pt, 469.75502pt, 72.26999pt)
* v-part:(T,H,B)=(72.26999pt, 650.43001pt, 72.26999pt)
* \paperwidth=614.295pt
* \paperheight=794.96999pt
* \textwidth=469.75502pt
* \textheight=650.43001pt
* \oddsidemargin=0.0pt
* \evensidemargin=0.0pt
* \topmargin=0.0pt
* \headheight=0.0pt
* \headsep=0.0pt
* \topskip=11.0pt
* \footskip=30.0pt
* \marginparwidth=59.0pt
* \marginparsep=10.0pt
* \columnsep=10.0pt
* \skip\footins=10.0pt plus 4.0pt minus 2.0pt
* \hoffset=0.0pt
* \voffset=0.0pt
* \mag=1000
* \@twocolumnfalse
* \@twosidefalse
* \@mparswitchfalse
* \@reversemarginfalse
* (1in=72.27pt=25.4mm, 1cm=28.453pt)

Package caption Info: Begin \AtBeginDocument code.
Package caption Info: float package is loaded.
Package caption Info: hyperref package is loaded.
Package caption Info: longtable package is loaded.
(C:\Users\jerem\AppData\Local\Programs\MiKTeX\tex/latex/caption\ltcaption.sty
Package: ltcaption 2021/01/08 v1.4c longtable captions (AR)
)
Package caption Info: End \AtBeginDocument code.
Package hyperref Info: Link coloring ON on input line 104.

(main.out) (main.out)
\@outlinefile=\write5
\openout5 = `main.out'.

LaTeX Font Info:    Trying to load font information for OT1+ppl on input line 1
07.

(C:\Users\jerem\AppData\Local\Programs\MiKTeX\tex/latex/psnfss\ot1ppl.fd
File: ot1ppl.fd 2001/06/04 font definitions for OT1/ppl.
)
LaTeX Font Info:    Trying to load font information for OML+zplm on input line 
107.

(C:\Users\jerem\AppData\Local\Programs\MiKTeX\tex/latex/psnfss\omlzplm.fd
File: omlzplm.fd 2002/09/08 Fontinst v1.914 font definitions for OML/zplm.
)
LaTeX Font Info:    Trying to load font information for OMS+zplm on input line 
107.

(C:\Users\jerem\AppData\Local\Programs\MiKTeX\tex/latex/psnfss\omszplm.fd
File: omszplm.fd 2002/09/08 Fontinst v1.914 font definitions for OMS/zplm.
)
LaTeX Font Info:    Trying to load font information for OMX+zplm on input line 
107.

(C:\Users\jerem\AppData\Local\Programs\MiKTeX\tex/latex/psnfss\omxzplm.fd
File: omxzplm.fd 2002/09/08 Fontinst v1.914 font definitions for OMX/zplm.
)
LaTeX Font Info:    Font shape `U/msa/m/n' will be
(Font)              scaled to size 18.00587pt on input line 107.
LaTeX Font Info:    Font shape `U/msa/m/n' will be
(Font)              scaled to size 12.50409pt on input line 107.
LaTeX Font Info:    Font shape `U/msa/m/n' will be
(Font)              scaled to size 10.42007pt on input line 107.
LaTeX Font Info:    Font shape `U/msb/m/n' will be
(Font)              scaled to size 18.00587pt on input line 107.
LaTeX Font Info:    Font shape `U/msb/m/n' will be
(Font)              scaled to size 12.50409pt on input line 107.
LaTeX Font Info:    Font shape `U/msb/m/n' will be
(Font)              scaled to size 10.42007pt on input line 107.
LaTeX Font Info:    Trying to load font information for U+rsfs on input line 10
7.

(C:\Users\jerem\AppData\Local\Programs\MiKTeX\tex/latex/jknappen\ursfs.fd
File: ursfs.fd 1998/03/24 rsfs font definition file (jk)
)
LaTeX Font Info:    Trying to load font information for OT1+zplm on input line 
107.

(C:\Users\jerem\AppData\Local\Programs\MiKTeX\tex/latex/psnfss\ot1zplm.fd
File: ot1zplm.fd 2002/09/08 Fontinst v1.914 font definitions for OT1/zplm.
)
LaTeX Font Info:    Font shape `U/msa/m/n' will be
(Font)              scaled to size 9.37807pt on input line 107.
LaTeX Font Info:    Font shape `U/msa/m/n' will be
(Font)              scaled to size 7.29405pt on input line 107.
LaTeX Font Info:    Font shape `U/msb/m/n' will be
(Font)              scaled to size 9.37807pt on input line 107.
LaTeX Font Info:    Font shape `U/msb/m/n' will be
(Font)              scaled to size 7.29405pt on input line 107.
LaTeX Font Info:    Font shape `U/msa/m/n' will be
(Font)              scaled to size 5.21004pt on input line 107.
LaTeX Font Info:    Font shape `U/msb/m/n' will be
(Font)              scaled to size 5.21004pt on input line 107.

[1

{C:/Users/jerem/AppData/Local/MiKTeX/fonts/map/pdftex/pdftex.map}{C:/Users/jere
m/AppData/Local/Programs/MiKTeX/fonts/enc/dvips/base/8r.enc}] [2] [3]
[4]
LaTeX Font Info:    Font shape `U/msa/m/n' will be
(Font)              scaled to size 11.40997pt on input line 298.
LaTeX Font Info:    Font shape `U/msa/m/n' will be
(Font)              scaled to size 8.33606pt on input line 298.
LaTeX Font Info:    Font shape `U/msa/m/n' will be
(Font)              scaled to size 6.25204pt on input line 298.
LaTeX Font Info:    Font shape `U/msb/m/n' will be
(Font)              scaled to size 11.40997pt on input line 298.
LaTeX Font Info:    Font shape `U/msb/m/n' will be
(Font)              scaled to size 8.33606pt on input line 298.
LaTeX Font Info:    Font shape `U/msb/m/n' will be
(Font)              scaled to size 6.25204pt on input line 298.
 [5]
<fig/fig_EA_2014_2026_hicp_components.png, id=263, 578.16pt x 433.62pt>
File: fig/fig_EA_2014_2026_hicp_components.png Graphic file (type png)
<use fig/fig_EA_2014_2026_hicp_components.png>
Package pdftex.def Info: fig/fig_EA_2014_2026_hicp_components.png  used on inpu
t line 343.
(pdftex.def)             Requested size: 346.89867pt x 260.17401pt.
 [6 <./fig/fig_EA_2014_2026_hicp_components.png>]
<fig/fig_EA_2020_income_consumption_baskets.png, id=280, 578.16pt x 361.35pt>
File: fig/fig_EA_2020_income_consumption_baskets.png Graphic file (type png)
<use fig/fig_EA_2020_income_consumption_baskets.png>
Package pdftex.def Info: fig/fig_EA_2020_income_consumption_baskets.png  used o
n input line 381.
(pdftex.def)             Requested size: 374.65268pt x 234.15793pt.
 [7]
LaTeX Font Info:    Trying to load font information for T1+pcr on input line 41
8.

(C:\Users\jerem\AppData\Local\Programs\MiKTeX\tex/latex/psnfss\t1pcr.fd
File: t1pcr.fd 2001/06/04 font definitions for T1/pcr.
)
[8 <./fig/fig_EA_2020_income_consumption_baskets.png>] [9]
Overfull \hbox (4.64221pt too wide) in paragraph at lines 496--499
[]\T1/ppl/m/n/10.95 After ag-gre-ga-tion, this cal-i-bra-tion closely re-pro-du
ces the of-fi-cial in-fla-tion rate (see Ap-pendix [][]D[][]),
 []

[10] [11]
<fig/fig_EA20_2020_2026_income_inflation_Q1_Q5.png, id=330, 578.16pt x 361.35pt
>
File: fig/fig_EA20_2020_2026_income_inflation_Q1_Q5.png Graphic file (type png)

<use fig/fig_EA20_2020_2026_income_inflation_Q1_Q5.png>
Package pdftex.def Info: fig/fig_EA20_2020_2026_income_inflation_Q1_Q5.png  use
d on input line 589.
(pdftex.def)             Requested size: 346.89867pt x 216.81168pt.
 [12 <./fig/fig_EA20_2020_2026_income_inflation_Q1_Q5.png>]
<fig/fig_EA20_2020_2026_age_inflation_under30_60plus.png, id=336, 578.16pt x 36
1.35pt>
File: fig/fig_EA20_2020_2026_age_inflation_under30_60plus.png Graphic file (typ
e png)
<use fig/fig_EA20_2020_2026_age_inflation_under30_60plus.png>
Package pdftex.def Info: fig/fig_EA20_2020_2026_age_inflation_under30_60plus.pn
g  used on input line 626.
(pdftex.def)             Requested size: 225.47267pt x 170.71672pt.
<fig/fig_EA20_2020_2026_urban_inflation_rural_cities.png, id=337, 578.16pt x 36
1.35pt>
File: fig/fig_EA20_2020_2026_urban_inflation_rural_cities.png Graphic file (typ
e png)
<use fig/fig_EA20_2020_2026_urban_inflation_rural_cities.png>
Package pdftex.def Info: fig/fig_EA20_2020_2026_urban_inflation_rural_cities.pn
g  used on input line 632.
(pdftex.def)             Requested size: 225.47267pt x 170.71672pt.
 [13]
[14 <./fig/fig_EA20_2020_2026_age_inflation_under30_60plus.png> <./fig/fig_EA20
_2020_2026_urban_inflation_rural_cities.png>]
<fig/fig_EA20_2000_2026_income_price_index_Q1_Q5_base2000.png, id=349, 578.16pt
 x 361.35pt>
File: fig/fig_EA20_2000_2026_income_price_index_Q1_Q5_base2000.png Graphic file
 (type png)
<use fig/fig_EA20_2000_2026_income_price_index_Q1_Q5_base2000.png>
Package pdftex.def Info: fig/fig_EA20_2000_2026_income_price_index_Q1_Q5_base20
00.png  used on input line 669.
(pdftex.def)             Requested size: 280.98952pt x 175.61844pt.
 [15 <./fig/fig_EA20_2000_2026_income_price_index_Q1_Q5_base2000.png>]
(tables/tab_EA20_country_income_q1_q5_cumulative_gap_2021_06_2023_06.tex
LaTeX Font Info:    Font shape `U/msa/m/n' will be
(Font)              scaled to size 7.91925pt on input line 8.
LaTeX Font Info:    Font shape `U/msb/m/n' will be
(Font)              scaled to size 7.91925pt on input line 8.
)
[16] (tables/tab_EA20_income_gap_product_contributions_2021_06_2023_06.tex)
[17]
(tables/tab_shock_oil_gas_chain_40pct_EA20_intercountry_2021_06_2023_06.tex)
[18] [19] [20] [21] [22]
<fig/policy_total_cpi_counterfactual_inflation_EA_policy_sample.png, id=441, 57
8.16pt x 346.896pt>
File: fig/policy_total_cpi_counterfactual_inflation_EA_policy_sample.png Graphi
c file (type png)
<use fig/policy_total_cpi_counterfactual_inflation_EA_policy_sample.png>
Package pdftex.def Info: fig/policy_total_cpi_counterfactual_inflation_EA_polic
y_sample.png  used on input line 943.
(pdftex.def)             Requested size: 403.98584pt x 242.3915pt.
 [23] [24 <./fig/policy_total_cpi_counterfactual_inflation_EA_policy_sample.png
>]
<fig/fig_EA20_2021_2026_counterfactual_income_inflation_Q1_Q5.png, id=456, 578.
16pt x 361.35pt>
File: fig/fig_EA20_2021_2026_counterfactual_income_inflation_Q1_Q5.png Graphic 
file (type png)
<use fig/fig_EA20_2021_2026_counterfactual_income_inflation_Q1_Q5.png>
Package pdftex.def Info: fig/fig_EA20_2021_2026_counterfactual_income_inflation
_Q1_Q5.png  used on input line 973.
(pdftex.def)             Requested size: 346.89867pt x 216.81168pt.

(tables/tab_EA20_country_income_q1_q5_counterfactual_gap_2021_06_2023_06.tex)
[25 <./fig/fig_EA20_2021_2026_counterfactual_income_inflation_Q1_Q5.png>]
(tables/tab_EA20_counterfactual_income_gap_product_contributions_2021_06_2023_0
6.tex) [26] [27] [28]
<fig/fig_EA20_2019_2026_income_inflation_burden_Q1_Q5.png, id=486, 578.16pt x 3
61.35pt>
File: fig/fig_EA20_2019_2026_income_inflation_burden_Q1_Q5.png Graphic file (ty
pe png)
<use fig/fig_EA20_2019_2026_income_inflation_burden_Q1_Q5.png>
Package pdftex.def Info: fig/fig_EA20_2019_2026_income_inflation_burden_Q1_Q5.p
ng  used on input line 1124.
(pdftex.def)             Requested size: 322.61171pt x 201.63232pt.
 [29]
(tables/tab_AT_BE_CY_DE_EE_EL_ES_FI_FR_HR_IE_IT_LT_LU_LV_MT_NL_PT_SI_SK_hbs_inf
lation_regressions_by_year.tex) [30 <./fig/fig_EA20_2019_2026_income_inflation_
burden_Q1_Q5.png>]
(tables/tab_AT_BE_CY_DE_EE_EL_ES_FI_FR_HR_IE_IT_LT_LU_LV_MT_NL_PT_SI_SK_hbs_inf
lation_regression_pooled.tex) [31] [32] [33] (main.bbl [34] [35] [36]) [37]
(appendices/substitution_bias_appendix.tex)
pdfTeX warning (ext4): destination with the same identifier (name{page.1}) has 
been already used, duplicate ignored
<to be read again> 
                   \relax 
l.1311 
        [1

]
pdfTeX warning (ext4): destination with the same identifier (name{page.2}) has 
been already used, duplicate ignored
<to be read again> 
                   \relax 
l.1312 \clearpage
                  [2]
<fig/fig_ES_income_quintile_coicop_weights_2020_2023_grouped_bar.png, id=549, 7
22.7pt x 758.835pt>
File: fig/fig_ES_income_quintile_coicop_weights_2020_2023_grouped_bar.png Graph
ic file (type png)
<use fig/fig_ES_income_quintile_coicop_weights_2020_2023_grouped_bar.png>
Package pdftex.def Info: fig/fig_ES_income_quintile_coicop_weights_2020_2023_gr
ouped_bar.png  used on input line 1326.
(pdftex.def)             Requested size: 460.354pt x 483.37172pt.

pdfTeX warning (ext4): destination with the same identifier (name{page.3}) has 
been already used, duplicate ignored
<to be read again> 
                   \relax 
l.1333 \newpage
                [3

 <./fig/fig_ES_income_quintile_coicop_weights_2020_2023_grouped_bar.png>]
<fig/fig_EA_2015_income_essentials_discretionary_baskets.png, id=554, 578.16pt 
x 346.896pt>
File: fig/fig_EA_2015_income_essentials_discretionary_baskets.png Graphic file 
(type png)
<use fig/fig_EA_2015_income_essentials_discretionary_baskets.png>
Package pdftex.def Info: fig/fig_EA_2015_income_essentials_discretionary_basket
s.png  used on input line 1342.
(pdftex.def)             Requested size: 368.57433pt x 221.14459pt.

pdfTeX warning (ext4): destination with the same identifier (name{page.4}) has 
been already used, duplicate ignored
<to be read again> 
                   \relax 
l.1349 \newpage
                [4 <./fig/fig_EA_2015_income_essentials_discretionary_baskets.p
ng>]
pdfTeX warning (ext4): destination with the same identifier (name{page.5}) has 
been already used, duplicate ignored
<to be read again> 
                   \relax 
l.1389 \clearpage
                  [5] (tables/tab_IT_hbs_all_products_by_group.tex)
pdfTeX warning (ext4): destination with the same identifier (name{page.6}) has 
been already used, duplicate ignored
<to be read again> 
                   \relax 
l.1393 \newpage
                [6

]
<fig/fig_IT_1996_2026_income_price_index_level2_Q1_Q5.png, id=570, 578.16pt x 3
61.35pt>
File: fig/fig_IT_1996_2026_income_price_index_level2_Q1_Q5.png Graphic file (ty
pe png)
<use fig/fig_IT_1996_2026_income_price_index_level2_Q1_Q5.png>
Package pdftex.def Info: fig/fig_IT_1996_2026_income_price_index_level2_Q1_Q5.p
ng  used on input line 1403.
(pdftex.def)             Requested size: 312.21057pt x 195.1316pt.
<fig/fig_IT_1996_2026_age_price_index_level2_young_old.png, id=571, 578.16pt x 
361.35pt>
File: fig/fig_IT_1996_2026_age_price_index_level2_young_old.png Graphic file (t
ype png)
<use fig/fig_IT_1996_2026_age_price_index_level2_young_old.png>
Package pdftex.def Info: fig/fig_IT_1996_2026_age_price_index_level2_young_old.
png  used on input line 1409.
(pdftex.def)             Requested size: 312.21057pt x 195.1316pt.

pdfTeX warning (ext4): destination with the same identifier (name{page.7}) has 
been already used, duplicate ignored
<to be read again> 
                   \relax 
l.1416 \newpage
                [7 <./fig/fig_IT_1996_2026_income_price_index_level2_Q1_Q5.png>
 <./fig/fig_IT_1996_2026_age_price_index_level2_young_old.png>]
<fig/fig_IT_2019_2026_income_inflation_level2_Q1_Q5.png, id=577, 578.16pt x 361
.35pt>
File: fig/fig_IT_2019_2026_income_inflation_level2_Q1_Q5.png Graphic file (type
 png)
<use fig/fig_IT_2019_2026_income_inflation_level2_Q1_Q5.png>
Package pdftex.def Info: fig/fig_IT_2019_2026_income_inflation_level2_Q1_Q5.png
  used on input line 1425.
(pdftex.def)             Requested size: 312.21057pt x 195.1316pt.
<fig/fig_IT_2019_2026_age_inflation_level2_under30_60plus.png, id=578, 578.16pt
 x 361.35pt>
File: fig/fig_IT_2019_2026_age_inflation_level2_under30_60plus.png Graphic file
 (type png)
<use fig/fig_IT_2019_2026_age_inflation_level2_under30_60plus.png>
Package pdftex.def Info: fig/fig_IT_2019_2026_age_inflation_level2_under30_60pl
us.png  used on input line 1431.
(pdftex.def)             Requested size: 312.21057pt x 195.1316pt.

pdfTeX warning (ext4): destination with the same identifier (name{page.8}) has 
been already used, duplicate ignored
<to be read again> 
                   \relax 
l.1438 \newpage
                [8 <./fig/fig_IT_2019_2026_income_inflation_level2_Q1_Q5.png> <
./fig/fig_IT_2019_2026_age_inflation_level2_under30_60plus.png>]
<fig/fig_IT_2019_2026_income_contribution_gap_level2_Q1_Q5.png, id=584, 578.16p
t x 361.35pt>
File: fig/fig_IT_2019_2026_income_contribution_gap_level2_Q1_Q5.png Graphic fil
e (type png)
<use fig/fig_IT_2019_2026_income_contribution_gap_level2_Q1_Q5.png>
Package pdftex.def Info: fig/fig_IT_2019_2026_income_contribution_gap_level2_Q1
_Q5.png  used on input line 1447.
(pdftex.def)             Requested size: 312.21057pt x 195.1316pt.
<fig/fig_IT_2019_2026_age_contribution_gap_level2_60plus_under30.png, id=585, 5
78.16pt x 361.35pt>
File: fig/fig_IT_2019_2026_age_contribution_gap_level2_60plus_under30.png Graph
ic file (type png)
<use fig/fig_IT_2019_2026_age_contribution_gap_level2_60plus_under30.png>
Package pdftex.def Info: fig/fig_IT_2019_2026_age_contribution_gap_level2_60plu
s_under30.png  used on input line 1453.
(pdftex.def)             Requested size: 312.21057pt x 195.1316pt.

pdfTeX warning (ext4): destination with the same identifier (name{page.9}) has 
been already used, duplicate ignored
<to be read again> 
                   \relax 
l.1460 \newpage
                [9 <./fig/fig_IT_2019_2026_income_contribution_gap_level2_Q1_Q5
.png> <./fig/fig_IT_2019_2026_age_contribution_gap_level2_60plus_under30.png>]
pdfTeX warning (ext4): destination with the same identifier (name{page.10}) has
 been already used, duplicate ignored
<to be read again> 
                   \relax 
l.1509 \end{equation}
                      [10]
pdfTeX warning (ext4): destination with the same identifier (name{page.11}) has
 been already used, duplicate ignored
<to be read again> 
                   \relax 
l.1608 
        [11]
pdfTeX warning (ext4): destination with the same identifier (name{page.12}) has
 been already used, duplicate ignored
<to be read again> 
                   \relax 
l.1612 \clearpage
                  [12]
Overfull \hbox (6.76105pt too wide) in paragraph at lines 1630--1633
\T1/ppl/m/n/10.95 HICP. Fig-ure [][]E.2[][] com-pares the to-tal in-fla-tion ra
te with the expenditure-weighted av-er-age of income-
 []

<fig/fig_FR_2010_2026_hicp_inflation_validation_level2_recode_mean_vs_published
.png, id=619, 650.43pt x 397.485pt>
File: fig/fig_FR_2010_2026_hicp_inflation_validation_level2_recode_mean_vs_publ
ished.png Graphic file (type png)
<use fig/fig_FR_2010_2026_hicp_inflation_validation_level2_recode_mean_vs_publi
shed.png>
Package pdftex.def Info: fig/fig_FR_2010_2026_hicp_inflation_validation_level2_
recode_mean_vs_published.png  used on input line 1638.
(pdftex.def)             Requested size: 234.16454pt x 143.10056pt.
<fig/fig_FR_2010_2026_hicp_validation_level_mean_vs_published.png, id=620, 650.
43pt x 397.485pt>
File: fig/fig_FR_2010_2026_hicp_validation_level_mean_vs_published.png Graphic 
file (type png)
<use fig/fig_FR_2010_2026_hicp_validation_level_mean_vs_published.png>
Package pdftex.def Info: fig/fig_FR_2010_2026_hicp_validation_level_mean_vs_pub
lished.png  used on input line 1649.
(pdftex.def)             Requested size: 234.16454pt x 143.10056pt.

pdfTeX warning (ext4): destination with the same identifier (name{page.13}) has
 been already used, duplicate ignored
<to be read again> 
                   \relax 
l.1658 \clearpage
                  [13

 <./fig/fig_FR_2010_2026_hicp_inflation_validation_level2_recode_mean_vs_publis
hed.png> <./fig/fig_FR_2010_2026_hicp_validation_level_mean_vs_published.png>]
<fig/france-insee-decile-published-vs-recalculated-D1-D10-2010-2023.png, id=627
, 1084.05pt x 578.16pt>
File: fig/france-insee-decile-published-vs-recalculated-D1-D10-2010-2023.png Gr
aphic file (type png)
<use fig/france-insee-decile-published-vs-recalculated-D1-D10-2010-2023.png>
Package pdftex.def Info: fig/france-insee-decile-published-vs-recalculated-D1-D
10-2010-2023.png  used on input line 1668.
(pdftex.def)             Requested size: 414.63951pt x 221.14107pt.

pdfTeX warning (ext4): destination with the same identifier (name{page.14}) has
 been already used, duplicate ignored
<to be read again> 
                   \relax 
l.1674 \newpage
                [14

 <./fig/france-insee-decile-published-vs-recalculated-D1-D10-2010-2023.png>] (a
ppendices/counterfactuals_appendix.tex
(fig/tab_EA20_price_counterfactual_measures_annex.tex
pdfTeX warning (ext4): destination with the same identifier (name{page.15}) has
 been already used, duplicate ignored
<to be read again> 
                   \relax 
l.2 \begin{landscape}
                      [15

]

Package caption Warning: The option `hypcap=true' will be ignored for this
(caption)                particular \caption on input line 8.
See the caption package documentation for explanation.


Underfull \hbox (badness 10000) in paragraph at lines 13--13
[]|\T1/ppl/m/n/8 COICOP com-po-
 []


Underfull \hbox (badness 10000) in alignment at lines 11--15
[] [] [] [] []
 []


Underfull \hbox (badness 10000) in paragraph at lines 17--17
[]|\T1/ppl/m/n/8 COICOP com-po-
 []


Underfull \hbox (badness 10000) in alignment at lines 15--19
[] [] [] [] []
 []


Underfull \hbox (badness 10000) in alignment at lines 19--22
[] [] [] [] []
 []


Underfull \hbox (badness 10000) in alignment at lines 22--24
[] [] [] [] []
 []


Underfull \hbox (badness 3039) in paragraph at lines 25--26
[]|\T1/ppl/m/n/8 4 of 4 mea-sures use aggregate-
 []


Underfull \hbox (badness 3039) in paragraph at lines 26--27
[]|\T1/ppl/m/n/8 2 of 4 mea-sures use aggregate-
 []


Underfull \hbox (badness 10000) in paragraph at lines 27--27
[]|\T1/ppl/m/n/8 CP0112, CP0113,
 []


Underfull \hbox (badness 10000) in paragraph at lines 27--27
\T1/ppl/m/n/8 CP0114, CP0115,
 []


Underfull \hbox (badness 10000) in paragraph at lines 27--27
\T1/ppl/m/n/8 CP0116, CP0117,
 []


Underfull \hbox (badness 10000) in paragraph at lines 27--27
\T1/ppl/m/n/8 CP0451, CP0452,
 []


Underfull \hbox (badness 1478) in paragraph at lines 27--28
[]|\T1/ppl/m/n/8 4 of 10 mea-sures use aggregate-
 []


Underfull \hbox (badness 3039) in paragraph at lines 28--29
[]|\T1/ppl/m/n/8 1 of 1 mea-sures use aggregate-
 []


Underfull \hbox (badness 10000) in paragraph at lines 29--29
[]|\T1/ppl/m/n/8 CP0451, CP0452,
 []


Underfull \hbox (badness 3039) in paragraph at lines 29--30
[]|\T1/ppl/m/n/8 5 of 5 mea-sures use aggregate-
 []


Underfull \hbox (badness 3039) in paragraph at lines 30--31
[]|\T1/ppl/m/n/8 1 of 2 mea-sures use aggregate-
 []


Underfull \hbox (badness 10000) in paragraph at lines 31--31
[]|\T1/ppl/m/n/8 CP0451, CP0452,
 []


Underfull \hbox (badness 3039) in paragraph at lines 32--33
[]|\T1/ppl/m/n/8 3 of 4 mea-sures use aggregate-
 []


Underfull \hbox (badness 10000) in paragraph at lines 33--33
[]|\T1/ppl/m/n/8 CP0451, CP0452,
 []


Underfull \hbox (badness 3039) in paragraph at lines 33--34
[]|\T1/ppl/m/n/8 3 of 3 mea-sures use aggregate-
 []


Underfull \hbox (badness 10000) in paragraph at lines 34--34
[]|\T1/ppl/m/n/8 CP0451, CP0452,
 []


Underfull \hbox (badness 3039) in paragraph at lines 34--35
[]|\T1/ppl/m/n/8 3 of 5 mea-sures use aggregate-
 []


Underfull \hbox (badness 10000) in paragraph at lines 35--35
[]|\T1/ppl/m/n/8 CP0451, CP0452,
 []


Underfull \hbox (badness 3039) in paragraph at lines 35--36
[]|\T1/ppl/m/n/8 4 of 6 mea-sures use aggregate-
 []


Underfull \hbox (badness 5147) in paragraph at lines 35--36
\T1/ppl/m/n/8 equivalent in-puts; one mea-sure
 []


Underfull \hbox (badness 10000) in paragraph at lines 36--36
[]|\T1/ppl/m/n/8 CP0451, CP0452,
 []


Underfull \hbox (badness 3039) in paragraph at lines 36--37
[]|\T1/ppl/m/n/8 3 of 3 mea-sures use aggregate-
 []


Underfull \hbox (badness 3039) in paragraph at lines 37--38
[]|\T1/ppl/m/n/8 2 of 2 mea-sures use aggregate-
 []


Underfull \hbox (badness 10000) in paragraph at lines 38--38
[]|\T1/ppl/m/n/8 CP0451, CP0452,
 []


Underfull \hbox (badness 3039) in paragraph at lines 38--39
[]|\T1/ppl/m/n/8 5 of 5 mea-sures use aggregate-
 []


Underfull \hbox (badness 3039) in paragraph at lines 39--40
[]|\T1/ppl/m/n/8 2 of 2 mea-sures use aggregate-
 []


Underfull \hbox (badness 10000) in paragraph at lines 40--40
[]|\T1/ppl/m/n/8 CP0451, CP0452,
 []


Underfull \hbox (badness 3039) in paragraph at lines 40--41
[]|\T1/ppl/m/n/8 3 of 5 mea-sures use aggregate-
 []


Underfull \hbox (badness 10000) in paragraph at lines 41--41
[]|\T1/ppl/m/n/8 CP0111, CP0112,
 []


Underfull \hbox (badness 10000) in paragraph at lines 41--41
\T1/ppl/m/n/8 CP0113, CP0114,
 []


Underfull \hbox (badness 10000) in paragraph at lines 41--41
\T1/ppl/m/n/8 CP0115, CP0116,
 []


Underfull \hbox (badness 10000) in paragraph at lines 41--41
\T1/ppl/m/n/8 CP0117, CP0122,
 []


Underfull \hbox (badness 1478) in paragraph at lines 41--42
[]|\T1/ppl/m/n/8 9 of 10 mea-sures use aggregate-
 []


Underfull \hbox (badness 10000) in paragraph at lines 42--42
[]|\T1/ppl/m/n/8 CP0451, CP0452,
 []


Underfull \hbox (badness 3039) in paragraph at lines 42--43
[]|\T1/ppl/m/n/8 3 of 3 mea-sures use aggregate-
 []


Underfull \hbox (badness 10000) in paragraph at lines 43--43
[]|\T1/ppl/m/n/8 CP0451, CP0452,
 []


Underfull \hbox (badness 3039) in paragraph at lines 43--44
[]|\T1/ppl/m/n/8 6 of 6 mea-sures use aggregate-
 []


Underfull \hbox (badness 10000) in paragraph at lines 44--44
[]|\T1/ppl/m/n/8 CP0111, CP0114,
 []


Underfull \hbox (badness 10000) in paragraph at lines 44--44
\T1/ppl/m/n/8 CP0115, CP0116,
 []


Underfull \hbox (badness 10000) in paragraph at lines 44--44
\T1/ppl/m/n/8 CP0117, CP0451,
 []


Underfull \hbox (badness 1478) in paragraph at lines 44--45
[]|\T1/ppl/m/n/8 6 of 11 mea-sures use aggregate-
 []


Underfull \hbox (badness 5147) in paragraph at lines 44--45
\T1/ppl/m/n/8 equivalent in-puts; one mea-sure
 []


Underfull \hbox (badness 10000) in alignment at lines 24--45
[] [] [] [] []
 []


pdfTeX warning (ext4): destination with the same identifier (name{page.16}) has
 been already used, duplicate ignored
<to be read again> 
                   \relax 
l.45 \end{longtable}
                     [16

]
pdfTeX warning (ext4): destination with the same identifier (name{page.17}) has
 been already used, duplicate ignored
<to be read again> 
                   \relax 
l.45 \end{longtable}
                     [17]
pdfTeX warning (ext4): destination with the same identifier (name{page.18}) has
 been already used, duplicate ignored
<to be read again> 
                   \relax 
l.47 \end{landscape}
                     [18])
<fig/policy_total_cpi_counterfactual_inflation_BE_belgium.png, id=646, 650.43pt
 x 375.804pt>
File: fig/policy_total_cpi_counterfactual_inflation_BE_belgium.png Graphic file
 (type png)
<use fig/policy_total_cpi_counterfactual_inflation_BE_belgium.png>
Package pdftex.def Info: fig/policy_total_cpi_counterfactual_inflation_BE_belgi
um.png  used on input line 14.
(pdftex.def)             Requested size: 403.99686pt x 233.42041pt.
<fig/policy_total_cpi_counterfactual_inflation_CY_cyprus.png, id=647, 650.43pt 
x 375.804pt>
File: fig/policy_total_cpi_counterfactual_inflation_CY_cyprus.png Graphic file 
(type png)
<use fig/policy_total_cpi_counterfactual_inflation_CY_cyprus.png>
Package pdftex.def Info: fig/policy_total_cpi_counterfactual_inflation_CY_cypru
s.png  used on input line 21.
(pdftex.def)             Requested size: 403.99686pt x 233.42041pt.
<fig/policy_total_cpi_counterfactual_inflation_DE_germany.png, id=648, 650.43pt
 x 375.804pt>
File: fig/policy_total_cpi_counterfactual_inflation_DE_germany.png Graphic file
 (type png)
<use fig/policy_total_cpi_counterfactual_inflation_DE_germany.png>
Package pdftex.def Info: fig/policy_total_cpi_counterfactual_inflation_DE_germa
ny.png  used on input line 28.
(pdftex.def)             Requested size: 403.99686pt x 233.42041pt.

pdfTeX warning (ext4): destination with the same identifier (name{page.19}) has
 been already used, duplicate ignored
<to be read again> 
                   \relax 
l.31 
      [19


 <./fig/policy_total_cpi_counterfactual_inflation_BE_belgium.png> <./fig/policy
_total_cpi_counterfactual_inflation_CY_cyprus.png>]
<fig/policy_total_cpi_counterfactual_inflation_EL_greece.png, id=654, 650.43pt 
x 375.804pt>
File: fig/policy_total_cpi_counterfactual_inflation_EL_greece.png Graphic file 
(type png)
<use fig/policy_total_cpi_counterfactual_inflation_EL_greece.png>
Package pdftex.def Info: fig/policy_total_cpi_counterfactual_inflation_EL_greec
e.png  used on input line 35.
(pdftex.def)             Requested size: 403.99686pt x 233.42041pt.
<fig/policy_total_cpi_counterfactual_inflation_ES_spain.png, id=655, 650.43pt x
 375.804pt>
File: fig/policy_total_cpi_counterfactual_inflation_ES_spain.png Graphic file (
type png)
<use fig/policy_total_cpi_counterfactual_inflation_ES_spain.png>
Package pdftex.def Info: fig/policy_total_cpi_counterfactual_inflation_ES_spain
.png  used on input line 42.
(pdftex.def)             Requested size: 403.99686pt x 233.42041pt.

pdfTeX warning (ext4): destination with the same identifier (name{page.20}) has
 been already used, duplicate ignored
<to be read again> 
                   \relax 
l.45 
      [20 <./fig/policy_total_cpi_counterfactual_inflation_DE_germany.png> <./f
ig/policy_total_cpi_counterfactual_inflation_EL_greece.png>]
<fig/policy_total_cpi_counterfactual_inflation_FI_finland.png, id=661, 650.43pt
 x 375.804pt>
File: fig/policy_total_cpi_counterfactual_inflation_FI_finland.png Graphic file
 (type png)
<use fig/policy_total_cpi_counterfactual_inflation_FI_finland.png>
Package pdftex.def Info: fig/policy_total_cpi_counterfactual_inflation_FI_finla
nd.png  used on input line 49.
(pdftex.def)             Requested size: 403.99686pt x 233.42041pt.
<fig/policy_total_cpi_counterfactual_inflation_FR_france.png, id=662, 650.43pt 
x 375.804pt>
File: fig/policy_total_cpi_counterfactual_inflation_FR_france.png Graphic file 
(type png)
<use fig/policy_total_cpi_counterfactual_inflation_FR_france.png>
Package pdftex.def Info: fig/policy_total_cpi_counterfactual_inflation_FR_franc
e.png  used on input line 56.
(pdftex.def)             Requested size: 403.99686pt x 233.42041pt.

pdfTeX warning (ext4): destination with the same identifier (name{page.21}) has
 been already used, duplicate ignored
<to be read again> 
                   \relax 
l.59 
      [21 <./fig/policy_total_cpi_counterfactual_inflation_ES_spain.png> <./fig
/policy_total_cpi_counterfactual_inflation_FI_finland.png>]
<fig/policy_total_cpi_counterfactual_inflation_HR_croatia.png, id=668, 650.43pt
 x 375.804pt>
File: fig/policy_total_cpi_counterfactual_inflation_HR_croatia.png Graphic file
 (type png)
<use fig/policy_total_cpi_counterfactual_inflation_HR_croatia.png>
Package pdftex.def Info: fig/policy_total_cpi_counterfactual_inflation_HR_croat
ia.png  used on input line 63.
(pdftex.def)             Requested size: 403.99686pt x 233.42041pt.
<fig/policy_total_cpi_counterfactual_inflation_IE_ireland.png, id=669, 650.43pt
 x 375.804pt>
File: fig/policy_total_cpi_counterfactual_inflation_IE_ireland.png Graphic file
 (type png)
<use fig/policy_total_cpi_counterfactual_inflation_IE_ireland.png>
Package pdftex.def Info: fig/policy_total_cpi_counterfactual_inflation_IE_irela
nd.png  used on input line 70.
(pdftex.def)             Requested size: 403.99686pt x 233.42041pt.

pdfTeX warning (ext4): destination with the same identifier (name{page.22}) has
 been already used, duplicate ignored
<to be read again> 
                   \relax 
l.73 
      [22 <./fig/policy_total_cpi_counterfactual_inflation_FR_france.png> <./fi
g/policy_total_cpi_counterfactual_inflation_HR_croatia.png>]
<fig/policy_total_cpi_counterfactual_inflation_IT_italy.png, id=675, 650.43pt x
 375.804pt>
File: fig/policy_total_cpi_counterfactual_inflation_IT_italy.png Graphic file (
type png)
<use fig/policy_total_cpi_counterfactual_inflation_IT_italy.png>
Package pdftex.def Info: fig/policy_total_cpi_counterfactual_inflation_IT_italy
.png  used on input line 77.
(pdftex.def)             Requested size: 403.99686pt x 233.42041pt.
<fig/policy_total_cpi_counterfactual_inflation_LT_lithuania.png, id=676, 650.43
pt x 375.804pt>
File: fig/policy_total_cpi_counterfactual_inflation_LT_lithuania.png Graphic fi
le (type png)
<use fig/policy_total_cpi_counterfactual_inflation_LT_lithuania.png>
Package pdftex.def Info: fig/policy_total_cpi_counterfactual_inflation_LT_lithu
ania.png  used on input line 84.
(pdftex.def)             Requested size: 403.99686pt x 233.42041pt.

pdfTeX warning (ext4): destination with the same identifier (name{page.23}) has
 been already used, duplicate ignored
<to be read again> 
                   \relax 
l.87 
      [23 <./fig/policy_total_cpi_counterfactual_inflation_IE_ireland.png> <./f
ig/policy_total_cpi_counterfactual_inflation_IT_italy.png>]
<fig/policy_total_cpi_counterfactual_inflation_NL_netherlands.png, id=682, 650.
43pt x 375.804pt>
File: fig/policy_total_cpi_counterfactual_inflation_NL_netherlands.png Graphic 
file (type png)
<use fig/policy_total_cpi_counterfactual_inflation_NL_netherlands.png>
Package pdftex.def Info: fig/policy_total_cpi_counterfactual_inflation_NL_nethe
rlands.png  used on input line 91.
(pdftex.def)             Requested size: 403.99686pt x 233.42041pt.
<fig/policy_total_cpi_counterfactual_inflation_PT_portugal.png, id=683, 650.43p
t x 375.804pt>
File: fig/policy_total_cpi_counterfactual_inflation_PT_portugal.png Graphic fil
e (type png)
<use fig/policy_total_cpi_counterfactual_inflation_PT_portugal.png>
Package pdftex.def Info: fig/policy_total_cpi_counterfactual_inflation_PT_portu
gal.png  used on input line 98.
(pdftex.def)             Requested size: 403.99686pt x 233.42041pt.

pdfTeX warning (ext4): destination with the same identifier (name{page.24}) has
 been already used, duplicate ignored
<to be read again> 
                   \relax 
l.101 
       [24 <./fig/policy_total_cpi_counterfactual_inflation_LT_lithuania.png> <
./fig/policy_total_cpi_counterfactual_inflation_NL_netherlands.png>]
<fig/policy_total_cpi_counterfactual_inflation_SI_slovenia.png, id=690, 650.43p
t x 375.804pt>
File: fig/policy_total_cpi_counterfactual_inflation_SI_slovenia.png Graphic fil
e (type png)
<use fig/policy_total_cpi_counterfactual_inflation_SI_slovenia.png>
Package pdftex.def Info: fig/policy_total_cpi_counterfactual_inflation_SI_slove
nia.png  used on input line 105.
(pdftex.def)             Requested size: 403.99686pt x 233.42041pt.
)
pdfTeX warning (ext4): destination with the same identifier (name{page.25}) has
 been already used, duplicate ignored
<to be read again> 
                   \relax 
l.1681 \end{document}
                      [25 <./fig/policy_total_cpi_counterfactual_inflation_PT_p
ortugal.png> <./fig/policy_total_cpi_counterfactual_inflation_SI_slovenia.png>]
(main.aux)
 ***********
LaTeX2e <2025-11-01>
L3 programming layer <2025-12-24>
 ***********
Package rerunfilecheck Info: File `main.out' has not changed.
(rerunfilecheck)             Checksum: 1896EBC1BC1E492BEC2940CDE944BC6F;7347.
 ) 
Here is how much of TeX's memory you used:
 24855 strings out of 467871
 475706 string characters out of 5418377
 855519 words of memory out of 5000000
 53007 multiletter control sequences out of 15000+600000
 692474 words of font info for 190 fonts, out of 8000000 for 9000
 1141 hyphenation exceptions out of 8191
 84i,13n,94p,1477b,718s stack positions out of 10000i,1000n,20000p,200000b,200000s
<C:/Users/jerem/AppData/Local/Programs/MiKTeX/fonts/type1/public/amsfonts/cm/
cmex10.pfb><C:/Users/jerem/AppData/Local/Programs/MiKTeX/fonts/type1/public/ams
fonts/cm/cmmi10.pfb><C:/Users/jerem/AppData/Local/Programs/MiKTeX/fonts/type1/p
ublic/amsfonts/cm/cmr10.pfb><C:/Users/jerem/AppData/Local/Programs/MiKTeX/fonts
/type1/public/amsfonts/cm/cmsy10.pfb><C:/Users/jerem/AppData/Local/Programs/MiK
TeX/fonts/type1/public/mathpazo/fplmr.pfb><C:/Users/jerem/AppData/Local/Program
s/MiKTeX/fonts/type1/public/mathpazo/fplmri.pfb><C:/Users/jerem/AppData/Local/P
rograms/MiKTeX/fonts/type1/urw/courier/ucrr8a.pfb><C:/Users/jerem/AppData/Local
/Programs/MiKTeX/fonts/type1/urw/palatino/uplb8a.pfb><C:/Users/jerem/AppData/Lo
cal/Programs/MiKTeX/fonts/type1/urw/palatino/uplr8a.pfb><C:/Users/jerem/AppData
/Local/Programs/MiKTeX/fonts/type1/urw/palatino/uplri8a.pfb>
Output written on main.pdf (62 pages, 4807458 bytes).
PDF statistics:
 784 PDF objects out of 1000 (max. 8388607)
 200 named destinations out of 1000 (max. 500000)
 503 words of extra memory for PDF output out of 10000 (max. 10000000)

